#-----------------------------------------------------------
# Vivado v2020.2 (64-bit)
# SW Build 3064766 on Wed Nov 18 09:12:45 MST 2020
# IP Build 3064653 on Wed Nov 18 14:17:31 MST 2020
# Start of session at: Sun Jan  7 10:55:31 2024
# Process ID: 12076
# Current directory: C:/Users/86198/Desktop/vivadoProject/DD_Project/PopStar
# Command line: vivado.exe -gui_launcher_event rodinguilauncherevent25540 C:\Users\86198\Desktop\vivadoProject\DD_Project\PopStar\PopStar.xpr
# Log file: C:/Users/86198/Desktop/vivadoProject/DD_Project/PopStar/vivado.log
# Journal file: C:/Users/86198/Desktop/vivadoProject/DD_Project/PopStar\vivado.jou
#-----------------------------------------------------------
start_guioopen_project C:/Users/86198/Desktop/vivadoProject/DD_Project/PopStar/PopStar.xpruupdate_compile_order -fileset sources_1export_ip_user_files -of_objects  [get_files c:/Users/86198/Desktop/vivadoProject/DD_Project/DD_Project/ROM_Process/cover/cover.coe] -no_script -reset -force -quiet
remove_files  c:/Users/86198/Desktop/vivadoProject/DD_Project/DD_Project/ROM_Process/cover/cover.coe
export_ip_user_files -of_objects  [get_files C:/Users/86198/Desktop/vivadoProject/DD_Project/ROM_Process/cover/cover.coe] -no_script -reset -force -quiet
remove_files  C:/Users/86198/Desktop/vivadoProject/DD_Project/ROM_Process/cover/cover.coe
add_files -norecurse C:/Users/86198/Desktop/vivadoProject/DD_Project/PopStar/IpCoreDir/cover/cover.xci
