#-----------------------------------------------------------
# Vivado v2020.2 (64-bit)
# SW Build 3064766 on Wed Nov 18 09:12:45 MST 2020
# IP Build 3064653 on Wed Nov 18 14:17:31 MST 2020
# Start of session at: Fri Jan  5 17:06:35 2024
# Process ID: 16404
# Current directory: C:/Users/86198/Desktop/vivadoProject/PopStar
# Command line: vivado.exe -gui_launcher_event rodinguilauncherevent24828 C:\Users\86198\Desktop\vivadoProject\PopStar\PopStar.xpr
# Log file: C:/Users/86198/Desktop/vivadoProject/PopStar/vivado.log
# Journal file: C:/Users/86198/Desktop/vivadoProject/PopStar\vivado.jou
#-----------------------------------------------------------
start_gui
open_project C:/Users/86198/Desktop/vivadoProject/PopStar/PopStar.xpr
update_compile_order -fileset sources_1
export_ip_user_files -of_objects  [get_files C:/users/86198/desktop/vivadoproject/dd_project/IpCoreDir/component.xml] -no_script -reset -force -quiet
remove_files  C:/users/86198/desktop/vivadoproject/dd_project/IpCoreDir/component.xml
export_ip_user_files -of_objects  [get_files C:/Users/86198/Desktop/vivadoProject/DD_Project/IO/VGA/vga_clkdiv.v] -no_script -reset -force -quiet
remove_files  C:/Users/86198/Desktop/vivadoProject/DD_Project/IO/VGA/vga_clkdiv.v
create_ip -name blk_mem_gen -vendor xilinx.com -library ip -version 8.4 -module_name cover -dir C:/Users/86198/Desktop/vivadoProject/PopStar/IpCoreDir
set_property -dict [list CONFIG.Component_Name {cover} CONFIG.Write_Width_A {12} CONFIG.Write_Depth_A {307200} CONFIG.Read_Width_A {12} CONFIG.Write_Width_B {12} CONFIG.Read_Width_B {12}] [get_ips cover]
generate_target {instantiation_template} [get_files c:/Users/86198/Desktop/vivadoProject/PopStar/IpCoreDir/cover/cover.xci]
update_compile_order -fileset sources_1
generate_target all [get_files  c:/Users/86198/Desktop/vivadoProject/PopStar/IpCoreDir/cover/cover.xci]
catch { config_ip_cache -export [get_ips -all cover] }
export_ip_user_files -of_objects [get_files c:/Users/86198/Desktop/vivadoProject/PopStar/IpCoreDir/cover/cover.xci] -no_script -sync -force -quiet
create_ip_run [get_files -of_objects [get_fileset sources_1] c:/Users/86198/Desktop/vivadoProject/PopStar/IpCoreDir/cover/cover.xci]
launch_runs cover_synth_1 -jobs 8
wait_on_run cover_synth_1
export_simulation -of_objects [get_files c:/Users/86198/Desktop/vivadoProject/PopStar/IpCoreDir/cover/cover.xci] -directory C:/Users/86198/Desktop/vivadoProject/PopStar/PopStar.ip_user_files/sim_scripts -ip_user_files_dir C:/Users/86198/Desktop/vivadoProject/PopStar/PopStar.ip_user_files -ipstatic_source_dir C:/Users/86198/Desktop/vivadoProject/PopStar/PopStar.ip_user_files/ipstatic -lib_map_path [list {modelsim=C:/Users/86198/Desktop/vivadoProject/PopStar/PopStar.cache/compile_simlib/modelsim} {questa=C:/Users/86198/Desktop/vivadoProject/PopStar/PopStar.cache/compile_simlib/questa} {riviera=C:/Users/86198/Desktop/vivadoProject/PopStar/PopStar.cache/compile_simlib/riviera} {activehdl=C:/Users/86198/Desktop/vivadoProject/PopStar/PopStar.cache/compile_simlib/activehdl}] -use_ip_compiled_libs -force -quiet
export_ip_user_files -of_objects  [get_files c:/Users/86198/Desktop/vivadoProject/PopStar/IpCoreDir/cover/cover.xci] -no_script -reset -force -quiet
remove_files  -fileset cover c:/Users/86198/Desktop/vivadoProject/PopStar/IpCoreDir/cover/cover.xci
create_ip -name blk_mem_gen -vendor xilinx.com -library ip -version 8.4 -module_name blk_mem_gen_0
set_property -dict [list CONFIG.Write_Width_A {12} CONFIG.Write_Depth_A {307200} CONFIG.Read_Width_A {12} CONFIG.Write_Width_B {12} CONFIG.Read_Width_B {12} CONFIG.Load_Init_File {true} CONFIG.Coe_File {C:/Users/86198/Desktop/vivadoProject/DD_Project/ROM_Process/cover/cover.coe}] [get_ips blk_mem_gen_0]
generate_target {instantiation_template} [get_files c:/Users/86198/Desktop/vivadoProject/PopStar/PopStar.srcs/sources_1/ip/blk_mem_gen_0/blk_mem_gen_0.xci]
update_compile_order -fileset sources_1
generate_target all [get_files  c:/Users/86198/Desktop/vivadoProject/PopStar/PopStar.srcs/sources_1/ip/blk_mem_gen_0/blk_mem_gen_0.xci]
catch { config_ip_cache -export [get_ips -all blk_mem_gen_0] }
export_ip_user_files -of_objects [get_files c:/Users/86198/Desktop/vivadoProject/PopStar/PopStar.srcs/sources_1/ip/blk_mem_gen_0/blk_mem_gen_0.xci] -no_script -sync -force -quiet
create_ip_run [get_files -of_objects [get_fileset sources_1] c:/Users/86198/Desktop/vivadoProject/PopStar/PopStar.srcs/sources_1/ip/blk_mem_gen_0/blk_mem_gen_0.xci]
launch_runs blk_mem_gen_0_synth_1 -jobs 8
wait_on_run blk_mem_gen_0_synth_1
export_simulation -of_objects [get_files c:/Users/86198/Desktop/vivadoProject/PopStar/PopStar.srcs/sources_1/ip/blk_mem_gen_0/blk_mem_gen_0.xci] -directory C:/Users/86198/Desktop/vivadoProject/PopStar/PopStar.ip_user_files/sim_scripts -ip_user_files_dir C:/Users/86198/Desktop/vivadoProject/PopStar/PopStar.ip_user_files -ipstatic_source_dir C:/Users/86198/Desktop/vivadoProject/PopStar/PopStar.ip_user_files/ipstatic -lib_map_path [list {modelsim=C:/Users/86198/Desktop/vivadoProject/PopStar/PopStar.cache/compile_simlib/modelsim} {questa=C:/Users/86198/Desktop/vivadoProject/PopStar/PopStar.cache/compile_simlib/questa} {riviera=C:/Users/86198/Desktop/vivadoProject/PopStar/PopStar.cache/compile_simlib/riviera} {activehdl=C:/Users/86198/Desktop/vivadoProject/PopStar/PopStar.cache/compile_simlib/activehdl}] -use_ip_compiled_libs -force -quiet
